// Jest Snapshot v1, https://goo.gl/fbAQLP

exports[`renders a CountryListHeader 1`] = `
<Text
  accessible={true}
  allowFontScaling={true}
  ellipsizeMode="tail"
  style={undefined}
>
  Europe
</Text>
`;
